{
  "version": "1.5.0",
  "plugins_used": [
    {
      "name": "ArtifactoryDetector"
    },
    {
      "name": "AWSKeyDetector"
    },
    {
      "name": "AzureStorageKeyDetector"
    },
    {
      "name": "Base64HighEntropyString",
      "limit": 4.5
    },
    {
      "name": "BasicAuthDetector"
    },
    {
      "name": "CloudantDetector"
    },
    {
      "name": "DiscordBotTokenDetector"
    },
    {
      "name": "GitHubTokenDetector"
    },
    {
      "name": "GitLabTokenDetector"
    },
    {
      "name": "HexHighEntropyString",
      "limit": 3.0
    },
    {
      "name": "IbmCloudIamDetector"
    },
    {
      "name": "IbmCosHmacDetector"
    },
    {
      "name": "IPPublicDetector"
    },
    {
      "name": "JwtTokenDetector"
    },
    {
      "name": "KeywordDetector",
      "keyword_exclude": ""
    },
    {
      "name": "MailchimpDetector"
    },
    {
      "name": "NpmDetector"
    },
    {
      "name": "OpenAIDetector"
    },
    {
      "name": "PrivateKeyDetector"
    },
    {
      "name": "PypiTokenDetector"
    },
    {
      "name": "SendGridDetector"
    },
    {
      "name": "SlackDetector"
    },
    {
      "name": "SoftlayerDetector"
    },
    {
      "name": "SquareOAuthDetector"
    },
    {
      "name": "StripeDetector"
    },
    {
      "name": "TelegramBotTokenDetector"
    },
    {
      "name": "TwilioKeyDetector"
    }
  ],
  "filters_used": [
    {
      "path": "detect_secrets.filters.allowlist.is_line_allowlisted"
    },
    {
      "path": "detect_secrets.filters.common.is_baseline_file",
      "filename": ".secrets.baseline"
    },
    {
      "path": "detect_secrets.filters.common.is_ignored_due_to_verification_policies",
      "min_level": 2
    },
    {
      "path": "detect_secrets.filters.heuristic.is_indirect_reference"
    },
    {
      "path": "detect_secrets.filters.heuristic.is_likely_id_string"
    },
    {
      "path": "detect_secrets.filters.heuristic.is_lock_file"
    },
    {
      "path": "detect_secrets.filters.heuristic.is_not_alphanumeric_string"
    },
    {
      "path": "detect_secrets.filters.heuristic.is_potential_uuid"
    },
    {
      "path": "detect_secrets.filters.heuristic.is_prefixed_with_dollar_sign"
    },
    {
      "path": "detect_secrets.filters.heuristic.is_sequential_string"
    },
    {
      "path": "detect_secrets.filters.heuristic.is_swagger_file"
    },
    {
      "path": "detect_secrets.filters.heuristic.is_templated_secret"
    }
  ],
  "results": {
    ".devcontainer/docker-compose.yml": [
      {
        "type": "Secret Keyword",
        "filename": ".devcontainer/docker-compose.yml",
        "hashed_secret": "afc848c316af1a89d49826c5ae9d00ed769415f3",
        "is_verified": false,
        "line_number": 23
      }
    ],
    ".devcontainer/post-create.sh": [
      {
        "type": "Basic Auth Credentials",
        "filename": ".devcontainer/post-create.sh",
        "hashed_secret": "afc848c316af1a89d49826c5ae9d00ed769415f3",
        "is_verified": false,
        "line_number": 94
      }
    ],
    ".devcontainer/templates/datascience/devcontainer.json": [
      {
        "type": "Basic Auth Credentials",
        "filename": ".devcontainer/templates/datascience/devcontainer.json",
        "hashed_secret": "782b9a79e728e0d12615365e19c99cc247800336",
        "is_verified": false,
        "line_number": 94
      }
    ],
    ".devcontainer/templates/datascience/docker-compose.yml": [
      {
        "type": "Secret Keyword",
        "filename": ".devcontainer/templates/datascience/docker-compose.yml",
        "hashed_secret": "782b9a79e728e0d12615365e19c99cc247800336",
        "is_verified": false,
        "line_number": 45
      },
      {
        "type": "Basic Auth Credentials",
        "filename": ".devcontainer/templates/datascience/docker-compose.yml",
        "hashed_secret": "782b9a79e728e0d12615365e19c99cc247800336",
        "is_verified": false,
        "line_number": 81
      }
    ],
    ".devcontainer/templates/datascience/post-create.sh": [
      {
        "type": "Basic Auth Credentials",
        "filename": ".devcontainer/templates/datascience/post-create.sh",
        "hashed_secret": "782b9a79e728e0d12615365e19c99cc247800336",
        "is_verified": false,
        "line_number": 187
      }
    ],
    ".devcontainer/templates/fullstack/devcontainer.json": [
      {
        "type": "Basic Auth Credentials",
        "filename": ".devcontainer/templates/fullstack/devcontainer.json",
        "hashed_secret": "782b9a79e728e0d12615365e19c99cc247800336",
        "is_verified": false,
        "line_number": 108
      }
    ],
    ".devcontainer/templates/fullstack/docker-compose.yml": [
      {
        "type": "Secret Keyword",
        "filename": ".devcontainer/templates/fullstack/docker-compose.yml",
        "hashed_secret": "782b9a79e728e0d12615365e19c99cc247800336",
        "is_verified": false,
        "line_number": 44
      }
    ],
    ".devcontainer/templates/fullstack/post-create.sh": [
      {
        "type": "Basic Auth Credentials",
        "filename": ".devcontainer/templates/fullstack/post-create.sh",
        "hashed_secret": "782b9a79e728e0d12615365e19c99cc247800336",
        "is_verified": false,
        "line_number": 90
      }
    ],
    ".github/WORKFLOW_GUIDE.md": [
      {
        "type": "Secret Keyword",
        "filename": ".github/WORKFLOW_GUIDE.md",
        "hashed_secret": "6f700cc173cec62aa6e0d18cc87f7224a01e245a",
        "is_verified": false,
        "line_number": 305
      }
    ],
    ".github/examples/README.md": [
      {
        "type": "Secret Keyword",
        "filename": ".github/examples/README.md",
        "hashed_secret": "0db845a7ec8b8d4a943cfb975f481b4053ceafd9",
        "is_verified": false,
        "line_number": 262
      },
      {
        "type": "Secret Keyword",
        "filename": ".github/examples/README.md",
        "hashed_secret": "2e7a7ee14caebf378fc32d6cf6f557f347c96773",
        "is_verified": false,
        "line_number": 263
      },
      {
        "type": "Secret Keyword",
        "filename": ".github/examples/README.md",
        "hashed_secret": "75f31b476b5d93d765605150fa9e459f0769624c",
        "is_verified": false,
        "line_number": 406
      }
    ],
    ".github/examples/flask-app-walkthrough-config.yml": [
      {
        "type": "Secret Keyword",
        "filename": ".github/examples/flask-app-walkthrough-config.yml",
        "hashed_secret": "fed7239b2a7bb2c84254dce13f5e069c4c212b26",
        "is_verified": false,
        "line_number": 46
      }
    ],
    ".github/examples/fullstack-app-walkthrough-config.yml": [
      {
        "type": "Secret Keyword",
        "filename": ".github/examples/fullstack-app-walkthrough-config.yml",
        "hashed_secret": "f97d65d3741c339c652a8fec715489f35622328b",
        "is_verified": false,
        "line_number": 73
      }
    ],
    ".github/scheduled-walkthrough-config.yml": [
      {
        "type": "Secret Keyword",
        "filename": ".github/scheduled-walkthrough-config.yml",
        "hashed_secret": "1ee4e5bd1127e3c1e83348d3f2d62173abdd17d1",
        "is_verified": false,
        "line_number": 255
      }
    ],
    ".github/workflows/gemini-dispatch.yml": [
      {
        "type": "Secret Keyword",
        "filename": ".github/workflows/gemini-dispatch.yml",
        "hashed_secret": "3e26d6750975d678acb8fa35a0f69237881576b0",
        "is_verified": false,
        "line_number": 144
      }
    ],
    ".github/workflows/safeguard-5-secret-scanning.yml": [
      {
        "type": "Secret Keyword",
        "filename": ".github/workflows/safeguard-5-secret-scanning.yml",
        "hashed_secret": "6003a9fa107a83ece167e76a8e58c079d6ab3f8e",
        "is_verified": false,
        "line_number": 55
      },
      {
        "type": "Secret Keyword",
        "filename": ".github/workflows/safeguard-5-secret-scanning.yml",
        "hashed_secret": "5ffe533b830f08a0326348a9160afafc8ada44db",
        "is_verified": false,
        "line_number": 129
      },
      {
        "type": "Secret Keyword",
        "filename": ".github/workflows/safeguard-5-secret-scanning.yml",
        "hashed_secret": "745da7b574196e32b2095bfa3c383c550acc6125",
        "is_verified": false,
        "line_number": 160
      }
    ],
    ".github/workflows/scan-for-secrets.yml": [
      {
        "type": "Secret Keyword",
        "filename": ".github/workflows/scan-for-secrets.yml",
        "hashed_secret": "6003a9fa107a83ece167e76a8e58c079d6ab3f8e",
        "is_verified": false,
        "line_number": 66
      },
      {
        "type": "Secret Keyword",
        "filename": ".github/workflows/scan-for-secrets.yml",
        "hashed_secret": "5ffe533b830f08a0326348a9160afafc8ada44db",
        "is_verified": false,
        "line_number": 146
      }
    ],
    ".github/workflows/validate-quality.yml": [
      {
        "type": "Secret Keyword",
        "filename": ".github/workflows/validate-quality.yml",
        "hashed_secret": "7b8594709a9968ba974c18d369af9457a7c16546",
        "is_verified": false,
        "line_number": 156
      }
    ],
    ".gitleaks.toml": [
      {
        "type": "Hex High Entropy String",
        "filename": ".gitleaks.toml",
        "hashed_secret": "90bd1b48e958257948487b90bee080ba5ed00caa",
        "is_verified": false,
        "line_number": 125
      }
    ],
    ".semgrep/rules.yml": [
      {
        "type": "Basic Auth Credentials",
        "filename": ".semgrep/rules.yml",
        "hashed_secret": "5baa61e4c9b93f3f0682250b6cf8331b7ee68fd8",
        "is_verified": false,
        "line_number": 1074
      }
    ],
    ".specstory/history/2025-12-21_18-18Z-reviewing-and-merging-open-pull-requests.md": [
      {
        "type": "Base64 High Entropy String",
        "filename": ".specstory/history/2025-12-21_18-18Z-reviewing-and-merging-open-pull-requests.md",
        "hashed_secret": "2e970cf1ea2633a7c17acab00050d5673f653b67",
        "is_verified": false,
        "line_number": 329
      },
      {
        "type": "Base64 High Entropy String",
        "filename": ".specstory/history/2025-12-21_18-18Z-reviewing-and-merging-open-pull-requests.md",
        "hashed_secret": "542d82ab7cb6b22db2221c20f0a765eee6c3b4e4",
        "is_verified": false,
        "line_number": 2913
      },
      {
        "type": "Base64 High Entropy String",
        "filename": ".specstory/history/2025-12-21_18-18Z-reviewing-and-merging-open-pull-requests.md",
        "hashed_secret": "cab66c2f95fd3c3cda95d11e96de61f9e58511b0",
        "is_verified": false,
        "line_number": 2913
      },
      {
        "type": "Base64 High Entropy String",
        "filename": ".specstory/history/2025-12-21_18-18Z-reviewing-and-merging-open-pull-requests.md",
        "hashed_secret": "74ff858f3d6279b7a9a5ce55f245f488c6d6d617",
        "is_verified": false,
        "line_number": 5408
      }
    ],
    ".specstory/history/2026-01-14_00-34Z-starting-cleanup-roadmap-tasks.md": [
      {
        "type": "Base64 High Entropy String",
        "filename": ".specstory/history/2026-01-14_00-34Z-starting-cleanup-roadmap-tasks.md",
        "hashed_secret": "48316feb2c8113c422988d6c5f75a8640cf6ec23",
        "is_verified": false,
        "line_number": 5533
      }
    ],
    "README.md": [
      {
        "type": "Secret Keyword",
        "filename": "README.md",
        "hashed_secret": "d148381a2a8ba49b5dbc893d2d7da5ede6506421",
        "is_verified": false,
        "line_number": 241
      }
    ],
    "ai_framework/agents/dynatrace-expert.agent.md": [
      {
        "type": "Hex High Entropy String",
        "filename": "ai_framework/agents/dynatrace-expert.agent.md",
        "hashed_secret": "77cbed6be763417b04b553d5d9f3c11140a7b316",
        "is_verified": false,
        "line_number": 650
      }
    ],
    "automation/scripts/workspace/create-workspace.sh": [
      {
        "type": "Basic Auth Credentials",
        "filename": "automation/scripts/workspace/create-workspace.sh",
        "hashed_secret": "782b9a79e728e0d12615365e19c99cc247800336",
        "is_verified": false,
        "line_number": 200
      }
    ],
    "automation/workflow-templates/enhanced-pr-quality.yml": [
      {
        "type": "Secret Keyword",
        "filename": "automation/workflow-templates/enhanced-pr-quality.yml",
        "hashed_secret": "6003a9fa107a83ece167e76a8e58c079d6ab3f8e",
        "is_verified": false,
        "line_number": 129
      },
      {
        "type": "Secret Keyword",
        "filename": "automation/workflow-templates/enhanced-pr-quality.yml",
        "hashed_secret": "5ffe533b830f08a0326348a9160afafc8ada44db",
        "is_verified": false,
        "line_number": 182
      }
    ],
    "docs/SECRET_SCANNING_GUIDE.md": [
      {
        "type": "Secret Keyword",
        "filename": "docs/SECRET_SCANNING_GUIDE.md",
        "hashed_secret": "cf84294b121843261760632cf8d4b230e96d4d04",
        "is_verified": false,
        "line_number": 219
      }
    ],
    "docs/WORKSPACE_CONTAINERIZATION_PROTOCOLS.md": [
      {
        "type": "Basic Auth Credentials",
        "filename": "docs/WORKSPACE_CONTAINERIZATION_PROTOCOLS.md",
        "hashed_secret": "782b9a79e728e0d12615365e19c99cc247800336",
        "is_verified": false,
        "line_number": 1284
      }
    ],
    "docs/WORKSPACE_QUICK_START.md": [
      {
        "type": "Basic Auth Credentials",
        "filename": "docs/WORKSPACE_QUICK_START.md",
        "hashed_secret": "782b9a79e728e0d12615365e19c99cc247800336",
        "is_verified": false,
        "line_number": 192
      }
    ],
    "docs/guides/DOCKER_BEST_PRACTICES.md": [
      {
        "type": "Basic Auth Credentials",
        "filename": "docs/guides/DOCKER_BEST_PRACTICES.md",
        "hashed_secret": "9d4e1e23bd5b727046a9e3b4b7db57bd8d6ee684",
        "is_verified": false,
        "line_number": 351
      }
    ],
    "docs/guides/QUICK_START.md": [
      {
        "type": "Secret Keyword",
        "filename": "docs/guides/QUICK_START.md",
        "hashed_secret": "54863f69006b69768add40fde7d29d343d1314af",
        "is_verified": false,
        "line_number": 324
      }
    ],
    "docs/reference/SECURITY_ADVANCED.md": [
      {
        "type": "Secret Keyword",
        "filename": "docs/reference/SECURITY_ADVANCED.md",
        "hashed_secret": "96cdf64f7827b74d086712e064f55e800967cf7c",
        "is_verified": false,
        "line_number": 64
      }
    ],
    "docs/reference/SEMANTIC_VERSIONING.md": [
      {
        "type": "Secret Keyword",
        "filename": "docs/reference/SEMANTIC_VERSIONING.md",
        "hashed_secret": "b60d121b438a380c343d5ec3c2037564b82ffef3",
        "is_verified": false,
        "line_number": 291
      }
    ]
  },
  "generated_at": "2026-01-14T13:44:38Z"
}
